PHP works